Archive member included because of file (symbol)

.\CortexM0\ARM_GCC_493\Debug\Health Thermometer.a(cyfitter_cfg.o)
                              .\CortexM0\ARM_GCC_493\Debug\Cm0Start.o (cyfitter_cfg)
.\CortexM0\ARM_GCC_493\Debug\Health Thermometer.a(ADC.o)
                              .\CortexM0\ARM_GCC_493\Debug\CommonFunctions.o (ADC_Start)
.\CortexM0\ARM_GCC_493\Debug\Health Thermometer.a(ADC_PM.o)
                              .\CortexM0\ARM_GCC_493\Debug\CommonFunctions.o (ADC_Sleep)
.\CortexM0\ARM_GCC_493\Debug\Health Thermometer.a(ADC_INT.o)
                              .\CortexM0\ARM_GCC_493\Debug\Health Thermometer.a(ADC.o) (ADC_ISR)
.\CortexM0\ARM_GCC_493\Debug\Health Thermometer.a(AMuxSeq.o)
                              .\CortexM0\ARM_GCC_493\Debug\Temperature.o (AMuxSeq_DisconnectAll)
.\CortexM0\ARM_GCC_493\Debug\Health Thermometer.a(Thermistor.o)
                              .\CortexM0\ARM_GCC_493\Debug\Temperature.o (Thermistor_GetResistance)
.\CortexM0\ARM_GCC_493\Debug\Health Thermometer.a(V_HIGH.o)
                              .\CortexM0\ARM_GCC_493\Debug\CommonFunctions.o (V_HIGH_Write)
.\CortexM0\ARM_GCC_493\Debug\Health Thermometer.a(V_LOW.o)
                              .\CortexM0\ARM_GCC_493\Debug\CommonFunctions.o (V_LOW_Write)
.\CortexM0\ARM_GCC_493\Debug\Health Thermometer.a(SW.o)
                              .\CortexM0\ARM_GCC_493\Debug\CommonFunctions.o (SW_ClearInterrupt)
.\CortexM0\ARM_GCC_493\Debug\Health Thermometer.a(CyBootAsmGnu.o)
                              .\CortexM0\ARM_GCC_493\Debug\Health Thermometer.a(cyfitter_cfg.o) (CyDelayCycles)
.\CortexM0\ARM_GCC_493\Debug\Health Thermometer.a(CyLib.o)
                              .\CortexM0\ARM_GCC_493\Debug\Health Thermometer.a(cyfitter_cfg.o) (CySysClkWriteImoFreq)
.\CortexM0\ARM_GCC_493\Debug\Health Thermometer.a(UART.o)
                              .\CortexM0\ARM_GCC_493\Debug\CommonFunctions.o (UART_Start)
.\CortexM0\ARM_GCC_493\Debug\Health Thermometer.a(UART_SPI_UART.o)
                              .\CortexM0\ARM_GCC_493\Debug\main.o (UART_SpiUartWriteTxData)
.\CortexM0\ARM_GCC_493\Debug\Health Thermometer.a(UART_UART.o)
                              .\CortexM0\ARM_GCC_493\Debug\Health Thermometer.a(UART.o) (UART_UartInit)
.\CortexM0\ARM_GCC_493\Debug\Health Thermometer.a(Opamp_1.o)
                              .\CortexM0\ARM_GCC_493\Debug\CommonFunctions.o (Opamp_1_Start)
.\CortexM0\ARM_GCC_493\Debug\Health Thermometer.a(Opamp_2.o)
                              .\CortexM0\ARM_GCC_493\Debug\CommonFunctions.o (Opamp_2_Start)
c:/program files (x86)/cypress/psoc creator/3.3/psoc creator/import/gnu/arm/4.9.3/bin/../lib/gcc/arm-none-eabi/4.9.3/armv6-m\libgcc.a(_udivsi3.o)
                              .\CortexM0\ARM_GCC_493\Debug\printf.o (__aeabi_uidiv)
c:/program files (x86)/cypress/psoc creator/3.3/psoc creator/import/gnu/arm/4.9.3/bin/../lib/gcc/arm-none-eabi/4.9.3/armv6-m\libgcc.a(_divsi3.o)
                              .\CortexM0\ARM_GCC_493\Debug\Cm0Start.o (__aeabi_idiv)
c:/program files (x86)/cypress/psoc creator/3.3/psoc creator/import/gnu/arm/4.9.3/bin/../lib/gcc/arm-none-eabi/4.9.3/armv6-m\libgcc.a(_dvmd_tls.o)
                              c:/program files (x86)/cypress/psoc creator/3.3/psoc creator/import/gnu/arm/4.9.3/bin/../lib/gcc/arm-none-eabi/4.9.3/armv6-m\libgcc.a(_udivsi3.o) (__aeabi_idiv0)
c:/program files (x86)/cypress/psoc creator/3.3/psoc creator/import/gnu/arm/4.9.3/bin/../lib/gcc/arm-none-eabi/4.9.3/armv6-m\libgcc.a(_aeabi_ldivmod.o)
                              .\CortexM0\ARM_GCC_493\Debug\Health Thermometer.a(ADC.o) (__aeabi_ldivmod)
c:/program files (x86)/cypress/psoc creator/3.3/psoc creator/import/gnu/arm/4.9.3/bin/../lib/gcc/arm-none-eabi/4.9.3/armv6-m\libgcc.a(_muldi3.o)
                              .\CortexM0\ARM_GCC_493\Debug\Health Thermometer.a(ADC.o) (__aeabi_lmul)
c:/program files (x86)/cypress/psoc creator/3.3/psoc creator/import/gnu/arm/4.9.3/bin/../lib/gcc/arm-none-eabi/4.9.3/armv6-m\libgcc.a(bpabi.o)
                              c:/program files (x86)/cypress/psoc creator/3.3/psoc creator/import/gnu/arm/4.9.3/bin/../lib/gcc/arm-none-eabi/4.9.3/armv6-m\libgcc.a(_aeabi_ldivmod.o) (__gnu_ldivmod_helper)
c:/program files (x86)/cypress/psoc creator/3.3/psoc creator/import/gnu/arm/4.9.3/bin/../lib/gcc/arm-none-eabi/4.9.3/armv6-m\libgcc.a(divsf3.o)
                              .\CortexM0\ARM_GCC_493\Debug\Health Thermometer.a(ADC.o) (__aeabi_fdiv)
c:/program files (x86)/cypress/psoc creator/3.3/psoc creator/import/gnu/arm/4.9.3/bin/../lib/gcc/arm-none-eabi/4.9.3/armv6-m\libgcc.a(mulsf3.o)
                              .\CortexM0\ARM_GCC_493\Debug\Health Thermometer.a(ADC.o) (__aeabi_fmul)
c:/program files (x86)/cypress/psoc creator/3.3/psoc creator/import/gnu/arm/4.9.3/bin/../lib/gcc/arm-none-eabi/4.9.3/armv6-m\libgcc.a(fixsfsi.o)
                              .\CortexM0\ARM_GCC_493\Debug\Temperature.o (__aeabi_f2iz)
[...]
Memory Configuration

Name             Origin             Length             Attributes
rom              0x00000000         0x00020000         xr
ram              0x20000000         0x00004000         xrw
*default*        0x00000000         0xffffffff

Linker script and memory map

LOAD c:/program files (x86)/cypress/psoc creator/3.3/psoc creator/import/gnu/arm/4.9.3/bin/../lib/gcc/arm-none-eabi/4.9.3/armv6-m/crti.o
LOAD c:/program files (x86)/cypress/psoc creator/3.3/psoc creator/import/gnu/arm/4.9.3/bin/../lib/gcc/arm-none-eabi/4.9.3/armv6-m/crtbegin.o
LOAD c:/program files (x86)/cypress/psoc creator/3.3/psoc creator/import/gnu/arm/4.9.3/bin/../lib/gcc/arm-none-eabi/4.9.3/../../../../arm-none-eabi/lib/armv6-m/crt0.o
START GROUP
LOAD .\CortexM0\ARM_GCC_493\Debug\main.o
LOAD .\CortexM0\ARM_GCC_493\Debug\Temperature.o
LOAD .\CortexM0\ARM_GCC_493\Debug\CommonFunctions.o
LOAD .\CortexM0\ARM_GCC_493\Debug\printf.o
LOAD .\CortexM0\ARM_GCC_493\Debug\cymetadata.o
LOAD .\CortexM0\ARM_GCC_493\Debug\Cm0Start.o
LOAD .\CortexM0\ARM_GCC_493\Debug\Health Thermometer.a
LOAD C:\Program Files (x86)\Cypress\PSoC Creator\3.3\PSoC Creator\psoc\content\cycomponentlibrary\CyComponentLibrary.cylib\CortexM0\ARM_GCC_493\Debug\CyComponentLibrary.a
LOAD c:/program files (x86)/cypress/psoc creator/3.3/psoc creator/import/gnu/arm/4.9.3/bin/../lib/gcc/arm-none-eabi/4.9.3/../../../../arm-none-eabi/lib/armv6-m\libm.a
END GROUP
START GROUP
LOAD c:/program files (x86)/cypress/psoc creator/3.3/psoc creator/import/gnu/arm/4.9.3/bin/../lib/gcc/arm-none-eabi/4.9.3/armv6-m\libgcc.a
LOAD c:/program files (x86)/cypress/psoc creator/3.3/psoc creator/import/gnu/arm/4.9.3/bin/../lib/gcc/arm-none-eabi/4.9.3/../../../../arm-none-eabi/lib/armv6-m\libg_nano.a
LOAD c:/program files (x86)/cypress/psoc creator/3.3/psoc creator/import/gnu/arm/4.9.3/bin/../lib/gcc/arm-none-eabi/4.9.3/../../../../arm-none-eabi/lib/armv6-m\libc_nano.a
END GROUP
START GROUP
LOAD c:/program files (x86)/cypress/psoc creator/3.3/psoc creator/import/gnu/arm/4.9.3/bin/../lib/gcc/arm-none-eabi/4.9.3/armv6-m\libgcc.a
LOAD c:/program files (x86)/cypress/psoc creator/3.3/psoc creator/import/gnu/arm/4.9.3/bin/../lib/gcc/arm-none-eabi/4.9.3/../../../../arm-none-eabi/lib/armv6-m\libc_nano.a
END GROUP
LOAD c:/program files (x86)/cypress/psoc creator/3.3/psoc creator/import/gnu/arm/4.9.3/bin/../lib/gcc/arm-none-eabi/4.9.3/armv6-m/crtend.o
LOAD c:/program files (x86)/cypress/psoc creator/3.3/psoc creator/import/gnu/arm/4.9.3/bin/../lib/gcc/arm-none-eabi/4.9.3/armv6-m/crtn.o
START GROUP
LOAD c:/program files (x86)/cypress/psoc creator/3.3/psoc creator/import/gnu/arm/4.9.3/bin/../lib/gcc/arm-none-eabi/4.9.3/armv6-m\libgcc.a
LOAD c:/program files (x86)/cypress/psoc creator/3.3/psoc creator/import/gnu/arm/4.9.3/bin/../lib/gcc/arm-none-eabi/4.9.3/../../../../arm-none-eabi/lib/armv6-m\libc.a
LOAD c:/program files (x86)/cypress/psoc creator/3.3/psoc creator/import/gnu/arm/4.9.3/bin/../lib/gcc/arm-none-eabi/4.9.3/../../../../arm-none-eabi/lib/armv6-m\libnosys.a
END GROUP
                0x00000000                CY_APPL_ORIGIN = 0x0
                0x00000080                CY_FLASH_ROW_SIZE = 0x80
                0x00000001                CY_APPL_NUM = 0x1
                0x00000040                CY_METADATA_SIZE = 0x40
                0x20000128                PROVIDE (__cy_heap_start, _end)
                0x00000001                PROVIDE (__cy_region_num, ((__cy_regions_end - __cy_regions) / 0x10))
                0x20004000                PROVIDE (__cy_stack, (ORIGIN (ram) + 0x4000))
                0x20003800                PROVIDE (__cy_heap_end, (__cy_stack - 0x800))

.cybootloader   0x00000000        0x0
 *(.cybootloader)
                0x00000000                appl1_start = CY_APPL_ORIGIN?CY_APPL_ORIGIN:ALIGN (CY_FLASH_ROW_SIZE)
                0x0000ff80                appl2_start = (appl1_start + ALIGN ((((0x20000 - appl1_start) - (0x2 * CY_FLASH_ROW_SIZE)) / 0x2), CY_FLASH_ROW_SIZE))
                0x00000000                appl_start = (CY_APPL_NUM == 0x1)?appl1_start:appl2_start

.text           0x00000000     0x1f38
 CREATE_OBJECT_SYMBOLS
                0x00000000                PROVIDE (__cy_interrupt_vector, RomVectors)
 *(.romvectors)
 .romvectors    0x00000000       0x10 .\CortexM0\ARM_GCC_493\Debug\Cm0Start.o
                0x00000000                RomVectors
                0x00000001                ASSERT ((. != __cy_interrupt_vector), No interrupt vector)
                0x00000001                ASSERT (CY_APPL_ORIGIN?(SIZEOF (.cybootloader) <= CY_APPL_ORIGIN):0x1, Wrong image location)
                0x00000010                PROVIDE (__cy_reset, Reset)
 *(.text.Reset)
 .text.Reset    0x00000010        0x8 .\CortexM0\ARM_GCC_493\Debug\Cm0Start.o
                0x00000010                Reset
                0x00000001                ASSERT ((. != __cy_reset), No reset code)
 *(.psocinit)
 .psocinit      0x00000018      0x2a0 .\CortexM0\ARM_GCC_493\Debug\Health Thermometer.a(cyfitter_cfg.o)
                0x00000104                cyfitter_cfg
                0x000002b8                . = MAX (., 0x100)
 *(.text .text.* .gnu.linkonce.t.*)
 .text          0x000002b8       0x60 c:/program files (x86)/cypress/psoc creator/3.3/psoc creator/import/gnu/arm/4.9.3/bin/../lib/gcc/arm-none-eabi/4.9.3/armv6-m/crtbegin.o
 .text.putdata  0x00000318       0x20 .\CortexM0\ARM_GCC_493\Debug\main.o
                0x00000318                putdata
 .text.main     0x00000338       0xa4 .\CortexM0\ARM_GCC_493\Debug\main.o
                0x00000338                main
 .text.MeasureSensorVoltage
                0x000003dc       0x2c .\CortexM0\ARM_GCC_493\Debug\Temperature.o
 .text.ProcessTemperature
                0x00000408      0x100 .\CortexM0\ARM_GCC_493\Debug\Temperature.o
                0x00000408                ProcessTemperature
 .text.InitializeSystem
                0x00000508       0x28 .\CortexM0\ARM_GCC_493\Debug\CommonFunctions.o
                0x00000508                InitializeSystem
 .text.ui2a     0x00000530       0xac .\CortexM0\ARM_GCC_493\Debug\printf.o
 .text.i2a      0x000005dc       0x34 .\CortexM0\ARM_GCC_493\Debug\printf.o
 .text.a2d      0x00000610       0x60 .\CortexM0\ARM_GCC_493\Debug\printf.o
 .text.a2i      0x00000670       0x74 .\CortexM0\ARM_GCC_493\Debug\printf.o
 .text.putchw   0x000006e4       0x90 .\CortexM0\ARM_GCC_493\Debug\printf.o
 .text.tfp_format
                0x00000774      0x1d4 .\CortexM0\ARM_GCC_493\Debug\printf.o
                0x00000774                tfp_format
 .text.init_printf
                0x00000948       0x24 .\CortexM0\ARM_GCC_493\Debug\printf.o
                0x00000948                init_printf
 .text.tfp_printf
                0x0000096c       0x34 .\CortexM0\ARM_GCC_493\Debug\printf.o
                0x0000096c                tfp_printf
 .text.IntDefaultHandler
                0x000009a0        0x8 .\CortexM0\ARM_GCC_493\Debug\Cm0Start.o
                0x000009a0                IntDefaultHandler
 .text.Start_c  0x000009a8       0x98 .\CortexM0\ARM_GCC_493\Debug\Cm0Start.o
                0x000009a8                Start_c
 .text.initialize_psoc
                0x00000a40       0x70 .\CortexM0\ARM_GCC_493\Debug\Cm0Start.o
                0x00000a40                initialize_psoc
 .text.CYMEMZERO
                0x00000ab0       0x20 .\CortexM0\ARM_GCC_493\Debug\Health Thermometer.a(cyfitter_cfg.o)
 .text.cfg_write_bytes32
                0x00000ad0       0x80 .\CortexM0\ARM_GCC_493\Debug\Health Thermometer.a(cyfitter_cfg.o)
 .text.AnalogSetDefault
                0x00000b50       0x5c .\CortexM0\ARM_GCC_493\Debug\Health Thermometer.a(cyfitter_cfg.o)
 .text.SetAnalogRoutingPumps
                0x00000bac       0x40 .\CortexM0\ARM_GCC_493\Debug\Health Thermometer.a(cyfitter_cfg.o)
                0x00000bac                SetAnalogRoutingPumps
 .text.AMuxSeq_CYAMUXSIDE_A_DisconnectAll
                0x00000bec       0x28 .\CortexM0\ARM_GCC_493\Debug\Health Thermometer.a(cyfitter_cfg.o)
                0x00000bec                AMuxSeq_CYAMUXSIDE_A_DisconnectAll
 .text.AMuxSeq_CYAMUXSIDE_A_Next
                0x00000c14       0x88 .\CortexM0\ARM_GCC_493\Debug\Health Thermometer.a(cyfitter_cfg.o)
                0x00000c14                AMuxSeq_CYAMUXSIDE_A_Next
 .text.AMuxSeq_CYAMUXSIDE_B_DisconnectAll
                0x00000c9c       0x30 .\CortexM0\ARM_GCC_493\Debug\Health Thermometer.a(cyfitter_cfg.o)
                0x00000c9c                AMuxSeq_CYAMUXSIDE_B_DisconnectAll
 .text.AMuxSeq_CYAMUXSIDE_B_Next
                0x00000ccc       0x94 .\CortexM0\ARM_GCC_493\Debug\Health Thermometer.a(cyfitter_cfg.o)
                0x00000ccc                AMuxSeq_CYAMUXSIDE_B_Next
 .text.ADC_Start
                0x00000d60       0x24 .\CortexM0\ARM_GCC_493\Debug\Health Thermometer.a(ADC.o)
                0x00000d60                ADC_Start
 .text.ADC_Init
                0x00000d84      0x1a4 .\CortexM0\ARM_GCC_493\Debug\Health Thermometer.a(ADC.o)
                0x00000d84                ADC_Init
 .text.ADC_Enable
                0x00000f28       0x38 .\CortexM0\ARM_GCC_493\Debug\Health Thermometer.a(ADC.o)
                0x00000f28                ADC_Enable
 .text.ADC_StartConvert
                0x00000f60       0x1c .\CortexM0\ARM_GCC_493\Debug\Health Thermometer.a(ADC.o)
                0x00000f60                ADC_StartConvert
 .text.ADC_StopConvert
                0x00000f7c       0x1c .\CortexM0\ARM_GCC_493\Debug\Health Thermometer.a(ADC.o)
                0x00000f7c                ADC_StopConvert
 .text.ADC_IsEndConversion
                0x00000f98       0x48 .\CortexM0\ARM_GCC_493\Debug\Health Thermometer.a(ADC.o)
                0x00000f98                ADC_IsEndConversion
 .text.ADC_GetResult16
                0x00000fe0       0x44 .\CortexM0\ARM_GCC_493\Debug\Health Thermometer.a(ADC.o)
                0x00000fe0                ADC_GetResult16
 .text.ADC_ISR  0x00001024       0x1c .\CortexM0\ARM_GCC_493\Debug\Health Thermometer.a(ADC_INT.o)
                0x00001024                ADC_ISR
 .text.AMuxSeq_Next
                0x00001040       0x10 .\CortexM0\ARM_GCC_493\Debug\Health Thermometer.a(AMuxSeq.o)
                0x00001040                AMuxSeq_Next
 .text.AMuxSeq_DisconnectAll
                0x00001050       0x10 .\CortexM0\ARM_GCC_493\Debug\Health Thermometer.a(AMuxSeq.o)
                0x00001050                AMuxSeq_DisconnectAll
 .text.Thermistor_GetResistance
                0x00001060       0x94 .\CortexM0\ARM_GCC_493\Debug\Health Thermometer.a(Thermistor.o)
                0x00001060                Thermistor_GetResistance
 .text.Thermistor_GetTemperature
                0x000010f4      0x194 .\CortexM0\ARM_GCC_493\Debug\Health Thermometer.a(Thermistor.o)
                0x000010f4                Thermistor_GetTemperature
 .text.V_HIGH_Write
                0x00001288       0x48 .\CortexM0\ARM_GCC_493\Debug\Health Thermometer.a(V_HIGH.o)
                0x00001288                V_HIGH_Write
 .text.V_LOW_Write
                0x000012d0       0x4c .\CortexM0\ARM_GCC_493\Debug\Health Thermometer.a(V_LOW.o)
                0x000012d0                V_LOW_Write
 .text.SW_ClearInterrupt
                0x0000131c       0x30 .\CortexM0\ARM_GCC_493\Debug\Health Thermometer.a(SW.o)
                0x0000131c                SW_ClearInterrupt
 *fill*         0x0000134c        0x4 
 .text          0x00001350       0x20 .\CortexM0\ARM_GCC_493\Debug\Health Thermometer.a(CyBootAsmGnu.o)
                0x00001350                CyDelayCycles
                0x00001362                CyEnterCriticalSection
                0x0000136a                CyExitCriticalSection
 .text.CySysClkWcoSetHighPowerMode
                0x00001370       0x3c .\CortexM0\ARM_GCC_493\Debug\Health Thermometer.a(CyLib.o)
 .text.CySysClkWcoSetLowPowerMode
                0x000013ac       0x48 .\CortexM0\ARM_GCC_493\Debug\Health Thermometer.a(CyLib.o)
 .text.CySysClkWriteImoFreq
                0x000013f4      0x1e0 .\CortexM0\ARM_GCC_493\Debug\Health Thermometer.a(CyLib.o)
                0x000013f4                CySysClkWriteImoFreq
 .text.CySysClkEcoStart
                0x000015d4       0x74 .\CortexM0\ARM_GCC_493\Debug\Health Thermometer.a(CyLib.o)
                0x000015d4                CySysClkEcoStart
 .text.CySysClkEcoReadStatus
                0x00001648       0x18 .\CortexM0\ARM_GCC_493\Debug\Health Thermometer.a(CyLib.o)
                0x00001648                CySysClkEcoReadStatus
 .text.CySysClkWcoStart
                0x00001660       0x20 .\CortexM0\ARM_GCC_493\Debug\Health Thermometer.a(CyLib.o)
                0x00001660                CySysClkWcoStart
 .text.CySysClkWcoSetPowerMode
                0x00001680       0x40 .\CortexM0\ARM_GCC_493\Debug\Health Thermometer.a(CyLib.o)
                0x00001680                CySysClkWcoSetPowerMode
 .text.CyIntSetVector
                0x000016c0       0x4c .\CortexM0\ARM_GCC_493\Debug\Health Thermometer.a(CyLib.o)
                0x000016c0                CyIntSetVector
 .text.CyIntSetPriority
                0x0000170c       0xa8 .\CortexM0\ARM_GCC_493\Debug\Health Thermometer.a(CyLib.o)
                0x0000170c                CyIntSetPriority
 .text.CyHalt   0x000017b4       0x14 .\CortexM0\ARM_GCC_493\Debug\Health Thermometer.a(CyLib.o)
                0x000017b4                CyHalt
 .text.CyDelay  0x000017c8       0x48 .\CortexM0\ARM_GCC_493\Debug\Health Thermometer.a(CyLib.o)
                0x000017c8                CyDelay
 .text.CyDelayUs
                0x00001810       0x28 .\CortexM0\ARM_GCC_493\Debug\Health Thermometer.a(CyLib.o)
                0x00001810                CyDelayUs
 .text.UART_Init
                0x00001838        0xc .\CortexM0\ARM_GCC_493\Debug\Health Thermometer.a(UART.o)
                0x00001838                UART_Init
 .text.UART_Enable
                0x00001844       0x24 .\CortexM0\ARM_GCC_493\Debug\Health Thermometer.a(UART.o)
                0x00001844                UART_Enable
 .text.UART_Start
                0x00001868       0x24 .\CortexM0\ARM_GCC_493\Debug\Health Thermometer.a(UART.o)
                0x00001868                UART_Start
 .text.UART_ScbEnableIntr
                0x0000188c        0x8 .\CortexM0\ARM_GCC_493\Debug\Health Thermometer.a(UART.o)
 .text.UART_ScbModePostEnable
                0x00001894        0xc .\CortexM0\ARM_GCC_493\Debug\Health Thermometer.a(UART.o)
 .text.UART_SpiUartWriteTxData
                0x000018a0       0x2c .\CortexM0\ARM_GCC_493\Debug\Health Thermometer.a(UART_SPI_UART.o)
                0x000018a0                UART_SpiUartWriteTxData
 .text.UART_UartInit
                0x000018cc       0xb0 .\CortexM0\ARM_GCC_493\Debug\Health Thermometer.a(UART_UART.o)
                0x000018cc                UART_UartInit
 .text.UART_UartPostEnable
                0x0000197c       0x24 .\CortexM0\ARM_GCC_493\Debug\Health Thermometer.a(UART_UART.o)
                0x0000197c                UART_UartPostEnable
 .text.UART_UartPutString
                0x000019a0       0x34 .\CortexM0\ARM_GCC_493\Debug\Health Thermometer.a(UART_UART.o)
                0x000019a0                UART_UartPutString
 .text.Opamp_1_Init
                0x000019d4       0x34 .\CortexM0\ARM_GCC_493\Debug\Health Thermometer.a(Opamp_1.o)
                0x000019d4                Opamp_1_Init
 .text.Opamp_1_Enable
                0x00001a08       0x24 .\CortexM0\ARM_GCC_493\Debug\Health Thermometer.a(Opamp_1.o)
                0x00001a08                Opamp_1_Enable
 .text.Opamp_1_Start
                0x00001a2c       0x24 .\CortexM0\ARM_GCC_493\Debug\Health Thermometer.a(Opamp_1.o)
                0x00001a2c                Opamp_1_Start
 .text.Opamp_2_Init
                0x00001a50       0x34 .\CortexM0\ARM_GCC_493\Debug\Health Thermometer.a(Opamp_2.o)
                0x00001a50                Opamp_2_Init
 .text.Opamp_2_Enable
                0x00001a84       0x24 .\CortexM0\ARM_GCC_493\Debug\Health Thermometer.a(Opamp_2.o)
                0x00001a84                Opamp_2_Enable
 .text.Opamp_2_Start
                0x00001aa8       0x24 .\CortexM0\ARM_GCC_493\Debug\Health Thermometer.a(Opamp_2.o)
                0x00001aa8                Opamp_2_Start
 .text          0x00001acc      0x120 c:/program files (x86)/cypress/psoc creator/3.3/psoc creator/import/gnu/arm/4.9.3/bin/../lib/gcc/arm-none-eabi/4.9.3/armv6-m\libgcc.a(_udivsi3.o)
                0x00001acc                __aeabi_uidiv
                0x00001acc                __udivsi3
                0x00001bd8                __aeabi_uidivmod
 .text          0x00001bec      0x1e0 c:/program files (x86)/cypress/psoc creator/3.3/psoc creator/import/gnu/arm/4.9.3/bin/../lib/gcc/arm-none-eabi/4.9.3/armv6-m\libgcc.a(_divsi3.o)
                0x00001bec                __divsi3
                0x00001bec                __aeabi_idiv
                0x00001db8                __aeabi_idivmod
 .text          0x00001dcc        0x4 c:/program files (x86)/cypress/psoc creator/3.3/psoc creator/import/gnu/arm/4.9.3/bin/../lib/gcc/arm-none-eabi/4.9.3/armv6-m\libgcc.a(_dvmd_tls.o)
                0x00001dcc                __aeabi_idiv0
                0x00001dcc                __aeabi_ldiv0
 .text          0x00001dd0       0x40 c:/program files (x86)/cypress/psoc creator/3.3/psoc creator/import/gnu/arm/4.9.3/bin/../lib/gcc/arm-none-eabi/4.9.3/armv6-m\libgcc.a(fixsfsi.o)
                0x00001dd0                __aeabi_f2iz
 .text          0x00001e10       0x90 c:/program files (x86)/cypress/psoc creator/3.3/psoc creator/import/gnu/arm/4.9.3/bin/../lib/gcc/arm-none-eabi/4.9.3/armv6-m\libgcc.a(floatsisf.o)
                0x00001e10                __aeabi_i2f
 .text          0x00001ea0       0x3c c:/program files (x86)/cypress/psoc creator/3.3/psoc creator/import/gnu/arm/4.9.3/bin/../lib/gcc/arm-none-eabi/4.9.3/armv6-m\libgcc.a(_clzsi2.o)
                0x00001ea0                __clzsi2
 .text.__libc_init_array
                0x00001edc       0x4c c:/program files (x86)/cypress/psoc creator/3.3/psoc creator/import/gnu/arm/4.9.3/bin/../lib/gcc/arm-none-eabi/4.9.3/../../../../arm-none-eabi/lib/armv6-m\libg_nano.a(lib_a-init.o)
                0x00001edc                __libc_init_array
 .text.memset   0x00001f28       0x10 c:/program files (x86)/cypress/psoc creator/3.3/psoc creator/import/gnu/arm/4.9.3/bin/../lib/gcc/arm-none-eabi/4.9.3/../../../../arm-none-eabi/lib/armv6-m\libg_nano.a(lib_a-memset.o)
                0x00001f28                memset
 *(.plt)
 *(.gnu.warning)
 *(.glue_7t)
 .glue_7t       0x00000000        0x0 linker stubs
 *(.glue_7)
 .glue_7        0x00000000        0x0 linker stubs
 *(.vfp11_veneer)
 .vfp11_veneer  0x00000000        0x0 linker stubs
 *(.bootloader)
 *(.ARM.extab* .gnu.linkonce.armextab.*)
 *(.gcc_except_table)

.v4_bx          0x00001f38        0x0
 .v4_bx         0x00000000        0x0 linker stubs

.iplt           0x00001f38        0x0
 .iplt          0x00000000        0x0 c:/program files (x86)/cypress/psoc creator/3.3/psoc creator/import/gnu/arm/4.9.3/bin/../lib/gcc/arm-none-eabi/4.9.3/armv6-m/crtbegin.o

.eh_frame_hdr
 *(.eh_frame_hdr)

.eh_frame       0x00001f38        0x4
 *(.eh_frame)
 .eh_frame      0x00001f38        0x0 c:/program files (x86)/cypress/psoc creator/3.3/psoc creator/import/gnu/arm/4.9.3/bin/../lib/gcc/arm-none-eabi/4.9.3/armv6-m/crtbegin.o
 .eh_frame      0x00001f38        0x4 c:/program files (x86)/cypress/psoc creator/3.3/psoc creator/import/gnu/arm/4.9.3/bin/../lib/gcc/arm-none-eabi/4.9.3/armv6-m/crtend.o
                0x00001f3c                PROVIDE (__exidx_start, .)

.ARM.exidx
 *(.ARM.exidx* .gnu.linkonce.armexidx.*)
                0x00001f3c                __exidx_end = .

.rodata         0x00001f3c     0x2114
 *(.rodata .rodata.* .gnu.linkonce.r.*)
 .rodata        0x00001f3c       0xc8 .\CortexM0\ARM_GCC_493\Debug\main.o
 .rodata        0x00002004       0x28 .\CortexM0\ARM_GCC_493\Debug\Temperature.o
 .rodata        0x0000202c       0x7c .\CortexM0\ARM_GCC_493\Debug\Health Thermometer.a(cyfitter_cfg.o)
 .rodata        0x000020a8     0x1f44 .\CortexM0\ARM_GCC_493\Debug\Health Thermometer.a(Thermistor.o)
 .rodata        0x00003fec       0x30 .\CortexM0\ARM_GCC_493\Debug\Health Thermometer.a(CyLib.o)
                0x00003fec                cyImoFreqMhz2Reg
                0x0000401c                . = ALIGN (0x4)
 *(.init)
 .init          0x0000401c        0x4 c:/program files (x86)/cypress/psoc creator/3.3/psoc creator/import/gnu/arm/4.9.3/bin/../lib/gcc/arm-none-eabi/4.9.3/armv6-m/crti.o
                0x0000401c                _init
 .init          0x00004020        0x8 c:/program files (x86)/cypress/psoc creator/3.3/psoc creator/import/gnu/arm/4.9.3/bin/../lib/gcc/arm-none-eabi/4.9.3/armv6-m/crtn.o
                0x00004028                . = ALIGN (0x4)
                0x00004028                __preinit_array_start = .
 *(.preinit_array)
                0x00004028                __preinit_array_end = .
                0x00004028                . = ALIGN (0x4)
                0x00004028                __init_array_start = .
 *(SORT(.init_array.*))
 *(.init_array)
 .init_array    0x00004028        0x4 c:/program files (x86)/cypress/psoc creator/3.3/psoc creator/import/gnu/arm/4.9.3/bin/../lib/gcc/arm-none-eabi/4.9.3/armv6-m/crtbegin.o
 .init_array    0x0000402c        0x4 .\CortexM0\ARM_GCC_493\Debug\Cm0Start.o
                0x00004030                __init_array_end = .
                0x00004030                . = ALIGN (0x4)
 *(.fini)
 .fini          0x00004030        0x4 c:/program files (x86)/cypress/psoc creator/3.3/psoc creator/import/gnu/arm/4.9.3/bin/../lib/gcc/arm-none-eabi/4.9.3/armv6-m/crti.o
                0x00004030                _fini
 .fini          0x00004034        0x8 c:/program files (x86)/cypress/psoc creator/3.3/psoc creator/import/gnu/arm/4.9.3/bin/../lib/gcc/arm-none-eabi/4.9.3/armv6-m/crtn.o
                0x0000403c                . = ALIGN (0x4)
                0x0000403c                __fini_array_start = .
 *(.fini_array)
 .fini_array    0x0000403c        0x4 c:/program files (x86)/cypress/psoc creator/3.3/psoc creator/import/gnu/arm/4.9.3/bin/../lib/gcc/arm-none-eabi/4.9.3/armv6-m/crtbegin.o
 *(SORT(.fini_array.*))
                0x00004040                __fini_array_end = .
                0x00004040                . = ALIGN (0x4)
 *crtbegin.o(.ctors)
 *(EXCLUDE_FILE(*crtend.o) .ctors)
 *(SORT(.ctors.*))
 *crtend.o(.ctors)
                0x00004040                . = ALIGN (0x4)
 *crtbegin.o(.dtors)
 *(EXCLUDE_FILE(*crtend.o) .dtors)
 *(SORT(.dtors.*))
 *crtend.o(.dtors)
                0x00004040                . = ALIGN (0x4)
                0x00004040                __cy_regions = .
                0x00004040        0x4 LONG 0x4050 __cy_region_init_ram
                0x00004044        0x4 LONG 0x200000c8 __cy_region_start_data
                0x00004048        0x4 LONG 0x18 __cy_region_init_size_ram
                0x0000404c        0x4 LONG 0x48 __cy_region_zero_size_ram
                0x00004050                __cy_regions_end = .
                0x00004050                . = ALIGN (0x8)
                0x00004050                _etext = .

.ramvectors     0x20000000       0xc0
                0x20000000                __cy_region_start_ram = .
 *(.ramvectors)
 .ramvectors    0x20000000       0xc0 .\CortexM0\ARM_GCC_493\Debug\Cm0Start.o
                0x20000000                CyRamVectors

.noinit         0x200000c0        0x4
 *(.noinit)
 .noinit        0x200000c0        0x4 .\CortexM0\ARM_GCC_493\Debug\Cm0Start.o

.data           0x200000c8       0x18 load address 0x00004050
                0x200000c8                __cy_region_start_data = .
 *(.jcr)
 .jcr           0x200000c8        0x0 c:/program files (x86)/cypress/psoc creator/3.3/psoc creator/import/gnu/arm/4.9.3/bin/../lib/gcc/arm-none-eabi/4.9.3/armv6-m/crtbegin.o
 .jcr           0x200000c8        0x4 c:/program files (x86)/cypress/psoc creator/3.3/psoc creator/import/gnu/arm/4.9.3/bin/../lib/gcc/arm-none-eabi/4.9.3/armv6-m/crtend.o
 *(.got.plt)
 *(.got)
 *(.shdata)
 *(.data .data.* .gnu.linkonce.d.*)
 .data          0x200000cc        0x2 .\CortexM0\ARM_GCC_493\Debug\Health Thermometer.a(cyfitter_cfg.o)
                0x200000cc                AMuxSeq_CYAMUXSIDE_A_curChannel
                0x200000cd                AMuxSeq_CYAMUXSIDE_B_curChannel
 *fill*         0x200000ce        0x2 
 .data          0x200000d0       0x10 .\CortexM0\ARM_GCC_493\Debug\Health Thermometer.a(CyLib.o)
                0x200000d0                cydelayFreqHz
                0x200000d4                cydelayFreqKhz
                0x200000d8                cydelayFreqMhz
                0x200000dc                cydelay32kMs
                0x200000e0                . = ALIGN (0x8)
 *(.ram)
                0x200000e0                _edata = .

.igot.plt       0x200000e0        0x0 load address 0x00004068
 .igot.plt      0x00000000        0x0 c:/program files (x86)/cypress/psoc creator/3.3/psoc creator/import/gnu/arm/4.9.3/bin/../lib/gcc/arm-none-eabi/4.9.3/armv6-m/crtbegin.o

.bss            0x200000e0       0x48 load address 0x00004068
                0x200000e0                PROVIDE (__bss_start__, .)
 *(.shbss)
 *(.bss .bss.* .gnu.linkonce.b.*)
 .bss           0x200000e0       0x1c c:/program files (x86)/cypress/psoc creator/3.3/psoc creator/import/gnu/arm/4.9.3/bin/../lib/gcc/arm-none-eabi/4.9.3/armv6-m/crtbegin.o
 .bss           0x200000fc        0x4 .\CortexM0\ARM_GCC_493\Debug\Temperature.o
 .bss           0x20000100        0x8 .\CortexM0\ARM_GCC_493\Debug\printf.o
 .bss           0x20000108        0x1 .\CortexM0\ARM_GCC_493\Debug\Health Thermometer.a(ADC.o)
                0x20000108                ADC_initVar
 .bss           0x20000109        0x1 .\CortexM0\ARM_GCC_493\Debug\Health Thermometer.a(UART.o)
                0x20000109                UART_initVar
 *fill*         0x2000010a        0x2 
 .bss           0x2000010c        0x8 .\CortexM0\ARM_GCC_493\Debug\Health Thermometer.a(Opamp_1.o)
                0x2000010c                Opamp_1_initVar
 .bss           0x20000114        0x8 .\CortexM0\ARM_GCC_493\Debug\Health Thermometer.a(Opamp_2.o)
                0x20000114                Opamp_2_initVar
 *(COMMON)
 COMMON         0x2000011c        0x6 .\CortexM0\ARM_GCC_493\Debug\Health Thermometer.a(ADC.o)
                0x2000011c                ADC_countsPer10Volt
                0x20000120                ADC_offset
                0x20000128                . = ALIGN (0x8)
 *fill*         0x20000122        0x6 
 *(.ram.b)
                0x20000128                _end = .
                0x20000128                __end = .
                0x20000128                PROVIDE (end, .)
                0x20000128                PROVIDE (__bss_end__, .)
                0x00004050                __cy_region_init_ram = LOADADDR (.data)
                0x00000018                __cy_region_init_size_ram = (_edata - ADDR (.data))
                0x00000048                __cy_region_zero_size_ram = (_end - _edata)

.heap           0x20000128       0x80 load address 0x00004068
                0x20000128                . = _end
                0x200001a8                . = (. + 0x80)
 *fill*         0x20000128       0x80 
                0x200001a8                __cy_heap_limit = .

.stack          0x20003800      0x800
                0x20003800                __cy_stack_limit = .
                0x20004000                . = (. + 0x800)
 *fill*         0x20003800      0x800 
                0x00000001                ASSERT ((__cy_stack_limit >= __cy_heap_limit), region RAM overflowed with stack)

.cyloadermeta
 *(.cyloadermeta)

.cyloadablemeta
 *(.cyloadablemeta)

.cyflashprotect
                0x90400000       0x80
 *(.cyflashprotect)
 .cyflashprotect
                0x90400000       0x80 .\CortexM0\ARM_GCC_493\Debug\cymetadata.o
                0x90400000                cy_meta_flashprotect

.cymeta         0x90500000        0xc
 *(.cymeta)
 .cymeta        0x90500000        0xc .\CortexM0\ARM_GCC_493\Debug\cymetadata.o
                0x90500000                cy_metadata

.cychipprotect  0x90600000        0x4
 *(.cychipprotect)
 .cychipprotect
                0x90600000        0x4 .\CortexM0\ARM_GCC_493\Debug\cymetadata.o
                0x90600000                cy_meta_chipprotect

.rel.dyn        0x00004068        0x0 load address 0x90600004
 .rel.iplt      0x00000000        0x0 c:/program files (x86)/cypress/psoc creator/3.3/psoc creator/import/gnu/arm/4.9.3/bin/../lib/gcc/arm-none-eabi/4.9.3/armv6-m/crtbegin.o

.stab
 *(.stab)

.stabstr
 *(.stabstr)

.debug
 *(.debug)

.line
 *(.line)

.debug_srcinfo
 *(.debug_srcinfo)

.debug_sfnames
 *(.debug_sfnames)

.debug_aranges  0x00000000      0x880
 *(.debug_aranges)
 .debug_aranges
                0x00000000       0x28 .\CortexM0\ARM_GCC_493\Debug\main.o
 .debug_aranges
                0x00000028       0x28 .\CortexM0\ARM_GCC_493\Debug\Temperature.o
 .debug_aranges
                0x00000050       0x30 .\CortexM0\ARM_GCC_493\Debug\CommonFunctions.o
 .debug_aranges
                0x00000080       0x68 .\CortexM0\ARM_GCC_493\Debug\printf.o
 .debug_aranges
                0x000000e8       0x18 .\CortexM0\ARM_GCC_493\Debug\cymetadata.o
 .debug_aranges
                0x00000100       0x48 .\CortexM0\ARM_GCC_493\Debug\Cm0Start.o
 .debug_aranges
                0x00000148       0x78 .\CortexM0\ARM_GCC_493\Debug\Health Thermometer.a(cyfitter_cfg.o)
 .debug_aranges
                0x000001c0       0xa8 .\CortexM0\ARM_GCC_493\Debug\Health Thermometer.a(ADC.o)
 .debug_aranges
                0x00000268       0x38 .\CortexM0\ARM_GCC_493\Debug\Health Thermometer.a(ADC_PM.o)
 .debug_aranges
                0x000002a0       0x20 .\CortexM0\ARM_GCC_493\Debug\Health Thermometer.a(ADC_INT.o)
 .debug_aranges
                0x000002c0       0x48 .\CortexM0\ARM_GCC_493\Debug\Health Thermometer.a(AMuxSeq.o)
 .debug_aranges
                0x00000308       0x28 .\CortexM0\ARM_GCC_493\Debug\Health Thermometer.a(Thermistor.o)
 .debug_aranges
                0x00000330       0x40 .\CortexM0\ARM_GCC_493\Debug\Health Thermometer.a(V_HIGH.o)
 .debug_aranges
                0x00000370       0x40 .\CortexM0\ARM_GCC_493\Debug\Health Thermometer.a(V_LOW.o)
 .debug_aranges
                0x000003b0       0x40 .\CortexM0\ARM_GCC_493\Debug\Health Thermometer.a(SW.o)
 .debug_aranges
                0x000003f0       0x20 .\CortexM0\ARM_GCC_493\Debug\Health Thermometer.a(CyBootAsmGnu.o)
 .debug_aranges
                0x00000410      0x298 .\CortexM0\ARM_GCC_493\Debug\Health Thermometer.a(CyLib.o)
 .debug_aranges
                0x000006a8       0x60 .\CortexM0\ARM_GCC_493\Debug\Health Thermometer.a(UART.o)
 .debug_aranges
                0x00000708       0x60 .\CortexM0\ARM_GCC_493\Debug\Health Thermometer.a(UART_SPI_UART.o)
 .debug_aranges
                0x00000768       0x88 .\CortexM0\ARM_GCC_493\Debug\Health Thermometer.a(UART_UART.o)
 .debug_aranges
                0x000007f0       0x48 .\CortexM0\ARM_GCC_493\Debug\Health Thermometer.a(Opamp_1.o)
 .debug_aranges
                0x00000838       0x48 .\CortexM0\ARM_GCC_493\Debug\Health Thermometer.a(Opamp_2.o)

.debug_pubnames
 *(.debug_pubnames)

.debug_info     0x00000000     0x33eb
 *(.debug_info .gnu.linkonce.wi.*)
 .debug_info    0x00000000      0x11e .\CortexM0\ARM_GCC_493\Debug\main.o
 .debug_info    0x0000011e      0x11d .\CortexM0\ARM_GCC_493\Debug\Temperature.o
 .debug_info    0x0000023b       0xe8 .\CortexM0\ARM_GCC_493\Debug\CommonFunctions.o
 .debug_info    0x00000323      0x401 .\CortexM0\ARM_GCC_493\Debug\printf.o
 .debug_info    0x00000724       0xfd .\CortexM0\ARM_GCC_493\Debug\cymetadata.o
 .debug_info    0x00000821      0x2ff .\CortexM0\ARM_GCC_493\Debug\Cm0Start.o
 .debug_info    0x00000b20      0x3ff .\CortexM0\ARM_GCC_493\Debug\Health Thermometer.a(cyfitter_cfg.o)
 .debug_info    0x00000f1f      0x474 .\CortexM0\ARM_GCC_493\Debug\Health Thermometer.a(ADC.o)
 .debug_info    0x00001393      0x124 .\CortexM0\ARM_GCC_493\Debug\Health Thermometer.a(ADC_PM.o)
 .debug_info    0x000014b7       0xc4 .\CortexM0\ARM_GCC_493\Debug\Health Thermometer.a(ADC_INT.o)
 .debug_info    0x0000157b      0x11d .\CortexM0\ARM_GCC_493\Debug\Health Thermometer.a(AMuxSeq.o)
 .debug_info    0x00001698      0x18a .\CortexM0\ARM_GCC_493\Debug\Health Thermometer.a(Thermistor.o)
 .debug_info    0x00001822      0x14c .\CortexM0\ARM_GCC_493\Debug\Health Thermometer.a(V_HIGH.o)
 .debug_info    0x0000196e      0x14c .\CortexM0\ARM_GCC_493\Debug\Health Thermometer.a(V_LOW.o)
 .debug_info    0x00001aba      0x14c .\CortexM0\ARM_GCC_493\Debug\Health Thermometer.a(SW.o)
 .debug_info    0x00001c06       0x89 .\CortexM0\ARM_GCC_493\Debug\Health Thermometer.a(CyBootAsmGnu.o)
 .debug_info    0x00001c8f      0xe2b .\CortexM0\ARM_GCC_493\Debug\Health Thermometer.a(CyLib.o)
 .debug_info    0x00002aba      0x1a4 .\CortexM0\ARM_GCC_493\Debug\Health Thermometer.a(UART.o)
 .debug_info    0x00002c5e      0x20d .\CortexM0\ARM_GCC_493\Debug\Health Thermometer.a(UART_SPI_UART.o)
 .debug_info    0x00002e6b      0x2b8 .\CortexM0\ARM_GCC_493\Debug\Health Thermometer.a(UART_UART.o)
 .debug_info    0x00003123      0x164 .\CortexM0\ARM_GCC_493\Debug\Health Thermometer.a(Opamp_1.o)
 .debug_info    0x00003287      0x164 .\CortexM0\ARM_GCC_493\Debug\Health Thermometer.a(Opamp_2.o)

.debug_abbrev   0x00000000     0x1424
 *(.debug_abbrev)
 .debug_abbrev  0x00000000       0xa0 .\CortexM0\ARM_GCC_493\Debug\main.o
 .debug_abbrev  0x000000a0       0x76 .\CortexM0\ARM_GCC_493\Debug\Temperature.o
 .debug_abbrev  0x00000116       0x74 .\CortexM0\ARM_GCC_493\Debug\CommonFunctions.o
 .debug_abbrev  0x0000018a      0x193 .\CortexM0\ARM_GCC_493\Debug\printf.o
 .debug_abbrev  0x0000031d       0x5d .\CortexM0\ARM_GCC_493\Debug\cymetadata.o
 .debug_abbrev  0x0000037a      0x1b4 .\CortexM0\ARM_GCC_493\Debug\Cm0Start.o
 .debug_abbrev  0x0000052e      0x1c6 .\CortexM0\ARM_GCC_493\Debug\Health Thermometer.a(cyfitter_cfg.o)
 .debug_abbrev  0x000006f4      0x170 .\CortexM0\ARM_GCC_493\Debug\Health Thermometer.a(ADC.o)
 .debug_abbrev  0x00000864       0xa6 .\CortexM0\ARM_GCC_493\Debug\Health Thermometer.a(ADC_PM.o)
 .debug_abbrev  0x0000090a       0x72 .\CortexM0\ARM_GCC_493\Debug\Health Thermometer.a(ADC_INT.o)
 .debug_abbrev  0x0000097c       0x8b .\CortexM0\ARM_GCC_493\Debug\Health Thermometer.a(AMuxSeq.o)
 .debug_abbrev  0x00000a07       0xc2 .\CortexM0\ARM_GCC_493\Debug\Health Thermometer.a(Thermistor.o)
 .debug_abbrev  0x00000ac9       0xb7 .\CortexM0\ARM_GCC_493\Debug\Health Thermometer.a(V_HIGH.o)
 .debug_abbrev  0x00000b80       0xb7 .\CortexM0\ARM_GCC_493\Debug\Health Thermometer.a(V_LOW.o)
 .debug_abbrev  0x00000c37       0xb7 .\CortexM0\ARM_GCC_493\Debug\Health Thermometer.a(SW.o)
 .debug_abbrev  0x00000cee       0x14 .\CortexM0\ARM_GCC_493\Debug\Health Thermometer.a(CyBootAsmGnu.o)
 .debug_abbrev  0x00000d02      0x237 .\CortexM0\ARM_GCC_493\Debug\Health Thermometer.a(CyLib.o)
 .debug_abbrev  0x00000f39       0xd8 .\CortexM0\ARM_GCC_493\Debug\Health Thermometer.a(UART.o)
 .debug_abbrev  0x00001011      0x15c .\CortexM0\ARM_GCC_493\Debug\Health Thermometer.a(UART_SPI_UART.o)
 .debug_abbrev  0x0000116d      0x111 .\CortexM0\ARM_GCC_493\Debug\Health Thermometer.a(UART_UART.o)
 .debug_abbrev  0x0000127e       0xd3 .\CortexM0\ARM_GCC_493\Debug\Health Thermometer.a(Opamp_1.o)
 .debug_abbrev  0x00001351       0xd3 .\CortexM0\ARM_GCC_493\Debug\Health Thermometer.a(Opamp_2.o)

.debug_line     0x00000000     0x1e47
 *(.debug_line)
 .debug_line    0x00000000       0xa8 .\CortexM0\ARM_GCC_493\Debug\main.o
 .debug_line    0x000000a8       0x90 .\CortexM0\ARM_GCC_493\Debug\Temperature.o
 .debug_line    0x00000138       0x99 .\CortexM0\ARM_GCC_493\Debug\CommonFunctions.o
 .debug_line    0x000001d1      0x23b .\CortexM0\ARM_GCC_493\Debug\printf.o
 .debug_line    0x0000040c       0x53 .\CortexM0\ARM_GCC_493\Debug\cymetadata.o
 .debug_line    0x0000045f      0x1c9 .\CortexM0\ARM_GCC_493\Debug\Cm0Start.o
 .debug_line    0x00000628      0x233 .\CortexM0\ARM_GCC_493\Debug\Health Thermometer.a(cyfitter_cfg.o)
 .debug_line    0x0000085b      0x250 .\CortexM0\ARM_GCC_493\Debug\Health Thermometer.a(ADC.o)
 .debug_line    0x00000aab       0xa8 .\CortexM0\ARM_GCC_493\Debug\Health Thermometer.a(ADC_PM.o)
 .debug_line    0x00000b53       0x64 .\CortexM0\ARM_GCC_493\Debug\Health Thermometer.a(ADC_INT.o)
 .debug_line    0x00000bb7       0xcf .\CortexM0\ARM_GCC_493\Debug\Health Thermometer.a(AMuxSeq.o)
 .debug_line    0x00000c86       0xc0 .\CortexM0\ARM_GCC_493\Debug\Health Thermometer.a(Thermistor.o)
 .debug_line    0x00000d46       0xac .\CortexM0\ARM_GCC_493\Debug\Health Thermometer.a(V_HIGH.o)
 .debug_line    0x00000df2       0xab .\CortexM0\ARM_GCC_493\Debug\Health Thermometer.a(V_LOW.o)
 .debug_line    0x00000e9d       0xa8 .\CortexM0\ARM_GCC_493\Debug\Health Thermometer.a(SW.o)
 .debug_line    0x00000f45       0x68 .\CortexM0\ARM_GCC_493\Debug\Health Thermometer.a(CyBootAsmGnu.o)
 .debug_line    0x00000fad      0x911 .\CortexM0\ARM_GCC_493\Debug\Health Thermometer.a(CyLib.o)
 .debug_line    0x000018be      0x11e .\CortexM0\ARM_GCC_493\Debug\Health Thermometer.a(UART.o)
 .debug_line    0x000019dc      0x13c .\CortexM0\ARM_GCC_493\Debug\Health Thermometer.a(UART_SPI_UART.o)
 .debug_line    0x00001b18      0x1a5 .\CortexM0\ARM_GCC_493\Debug\Health Thermometer.a(UART_UART.o)
 .debug_line    0x00001cbd       0xc5 .\CortexM0\ARM_GCC_493\Debug\Health Thermometer.a(Opamp_1.o)
 .debug_line    0x00001d82       0xc5 .\CortexM0\ARM_GCC_493\Debug\Health Thermometer.a(Opamp_2.o)

.debug_frame    0x00000000     0x1c9c
 *(.debug_frame)
 .debug_frame   0x00000000       0x50 .\CortexM0\ARM_GCC_493\Debug\main.o
 .debug_frame   0x00000050       0x4c .\CortexM0\ARM_GCC_493\Debug\Temperature.o
 .debug_frame   0x0000009c       0x64 .\CortexM0\ARM_GCC_493\Debug\CommonFunctions.o
 .debug_frame   0x00000100      0x15c .\CortexM0\ARM_GCC_493\Debug\printf.o
 .debug_frame   0x0000025c       0xc8 .\CortexM0\ARM_GCC_493\Debug\Cm0Start.o
 .debug_frame   0x00000324      0x178 .\CortexM0\ARM_GCC_493\Debug\Health Thermometer.a(cyfitter_cfg.o)
 .debug_frame   0x0000049c      0x248 .\CortexM0\ARM_GCC_493\Debug\Health Thermometer.a(ADC.o)
 .debug_frame   0x000006e4       0x80 .\CortexM0\ARM_GCC_493\Debug\Health Thermometer.a(ADC_PM.o)
 .debug_frame   0x00000764       0x30 .\CortexM0\ARM_GCC_493\Debug\Health Thermometer.a(ADC_INT.o)
 .debug_frame   0x00000794       0xb8 .\CortexM0\ARM_GCC_493\Debug\Health Thermometer.a(AMuxSeq.o)
 .debug_frame   0x0000084c       0x54 .\CortexM0\ARM_GCC_493\Debug\Health Thermometer.a(Thermistor.o)
 .debug_frame   0x000008a0       0xa8 .\CortexM0\ARM_GCC_493\Debug\Health Thermometer.a(V_HIGH.o)
 .debug_frame   0x00000948       0xa8 .\CortexM0\ARM_GCC_493\Debug\Health Thermometer.a(V_LOW.o)
 .debug_frame   0x000009f0       0xa8 .\CortexM0\ARM_GCC_493\Debug\Health Thermometer.a(SW.o)
 .debug_frame   0x00000a98      0x9d0 .\CortexM0\ARM_GCC_493\Debug\Health Thermometer.a(CyLib.o)
 .debug_frame   0x00001468      0x114 .\CortexM0\ARM_GCC_493\Debug\Health Thermometer.a(UART.o)
 .debug_frame   0x0000157c      0x128 .\CortexM0\ARM_GCC_493\Debug\Health Thermometer.a(UART_SPI_UART.o)
 .debug_frame   0x000016a4      0x1bc .\CortexM0\ARM_GCC_493\Debug\Health Thermometer.a(UART_UART.o)
 .debug_frame   0x00001860       0xc0 .\CortexM0\ARM_GCC_493\Debug\Health Thermometer.a(Opamp_1.o)
 .debug_frame   0x00001920       0xc0 .\CortexM0\ARM_GCC_493\Debug\Health Thermometer.a(Opamp_2.o)
 .debug_frame   0x000019e0       0x20 c:/program files (x86)/cypress/psoc creator/3.3/psoc creator/import/gnu/arm/4.9.3/bin/../lib/gcc/arm-none-eabi/4.9.3/armv6-m\libgcc.a(_udivsi3.o)
 .debug_frame   0x00001a00       0x20 c:/program files (x86)/cypress/psoc creator/3.3/psoc creator/import/gnu/arm/4.9.3/bin/../lib/gcc/arm-none-eabi/4.9.3/armv6-m\libgcc.a(_divsi3.o)
 .debug_frame   0x00001a20       0x34 c:/program files (x86)/cypress/psoc creator/3.3/psoc creator/import/gnu/arm/4.9.3/bin/../lib/gcc/arm-none-eabi/4.9.3/armv6-m\libgcc.a(_muldi3.o)
 .debug_frame   0x00001a54       0x50 c:/program files (x86)/cypress/psoc creator/3.3/psoc creator/import/gnu/arm/4.9.3/bin/../lib/gcc/arm-none-eabi/4.9.3/armv6-m\libgcc.a(bpabi.o)
 .debug_frame   0x00001aa4       0x3c c:/program files (x86)/cypress/psoc creator/3.3/psoc creator/import/gnu/arm/4.9.3/bin/../lib/gcc/arm-none-eabi/4.9.3/armv6-m\libgcc.a(divsf3.o)
 .debug_frame   0x00001ae0       0x3c c:/program files (x86)/cypress/psoc creator/3.3/psoc creator/import/gnu/arm/4.9.3/bin/../lib/gcc/arm-none-eabi/4.9.3/armv6-m\libgcc.a(mulsf3.o)
 .debug_frame   0x00001b1c       0x20 c:/program files (x86)/cypress/psoc creator/3.3/psoc creator/import/gnu/arm/4.9.3/bin/../lib/gcc/arm-none-eabi/4.9.3/armv6-m\libgcc.a(fixsfsi.o)
 .debug_frame   0x00001b3c       0x2c c:/program files (x86)/cypress/psoc creator/3.3/psoc creator/import/gnu/arm/4.9.3/bin/../lib/gcc/arm-none-eabi/4.9.3/armv6-m\libgcc.a(floatsisf.o)
 .debug_frame   0x00001b68       0x3c c:/program files (x86)/cypress/psoc creator/3.3/psoc creator/import/gnu/arm/4.9.3/bin/../lib/gcc/arm-none-eabi/4.9.3/armv6-m\libgcc.a(_divdi3.o)
 .debug_frame   0x00001ba4       0x3c c:/program files (x86)/cypress/psoc creator/3.3/psoc creator/import/gnu/arm/4.9.3/bin/../lib/gcc/arm-none-eabi/4.9.3/armv6-m\libgcc.a(_udivdi3.o)
 .debug_frame   0x00001be0       0x20 c:/program files (x86)/cypress/psoc creator/3.3/psoc creator/import/gnu/arm/4.9.3/bin/../lib/gcc/arm-none-eabi/4.9.3/../../../../arm-none-eabi/lib/armv6-m\libg_nano.a(lib_a-errno.o)
 .debug_frame   0x00001c00       0x28 c:/program files (x86)/cypress/psoc creator/3.3/psoc creator/import/gnu/arm/4.9.3/bin/../lib/gcc/arm-none-eabi/4.9.3/../../../../arm-none-eabi/lib/armv6-m\libg_nano.a(lib_a-exit.o)
 .debug_frame   0x00001c28       0x2c c:/program files (x86)/cypress/psoc creator/3.3/psoc creator/import/gnu/arm/4.9.3/bin/../lib/gcc/arm-none-eabi/4.9.3/../../../../arm-none-eabi/lib/armv6-m\libg_nano.a(lib_a-init.o)
 .debug_frame   0x00001c54       0x28 c:/program files (x86)/cypress/psoc creator/3.3/psoc creator/import/gnu/arm/4.9.3/bin/../lib/gcc/arm-none-eabi/4.9.3/../../../../arm-none-eabi/lib/armv6-m\libg_nano.a(lib_a-memcpy.o)
 .debug_frame   0x00001c7c       0x20 c:/program files (x86)/cypress/psoc creator/3.3/psoc creator/import/gnu/arm/4.9.3/bin/../lib/gcc/arm-none-eabi/4.9.3/../../../../arm-none-eabi/lib/armv6-m\libg_nano.a(lib_a-memset.o)

.debug_str      0x00000000     0x18ae
 *(.debug_str)
 .debug_str     0x00000000      0x166 .\CortexM0\ARM_GCC_493\Debug\main.o
                                0x1a5 (size before relaxing)
 .debug_str     0x00000166       0x85 .\CortexM0\ARM_GCC_493\Debug\Temperature.o
                                0x203 (size before relaxing)
 .debug_str     0x000001eb       0x5e .\CortexM0\ARM_GCC_493\Debug\CommonFunctions.o
                                0x1cb (size before relaxing)
 .debug_str     0x00000249       0x9d .\CortexM0\ARM_GCC_493\Debug\printf.o
                                0x191 (size before relaxing)
 .debug_str     0x000002e6       0x61 .\CortexM0\ARM_GCC_493\Debug\cymetadata.o
                                0x1c7 (size before relaxing)
 .debug_str     0x00000347      0x128 .\CortexM0\ARM_GCC_493\Debug\Cm0Start.o
                                0x2b5 (size before relaxing)
 .debug_str     0x0000046f      0x1d7 .\CortexM0\ARM_GCC_493\Debug\Health Thermometer.a(cyfitter_cfg.o)
                                0x393 (size before relaxing)
 .debug_str     0x00000646      0x1d8 .\CortexM0\ARM_GCC_493\Debug\Health Thermometer.a(ADC.o)
                                0x380 (size before relaxing)
 .debug_str     0x0000081e       0x81 .\CortexM0\ARM_GCC_493\Debug\Health Thermometer.a(ADC_PM.o)
                                0x1fa (size before relaxing)
 .debug_str     0x0000089f       0x37 .\CortexM0\ARM_GCC_493\Debug\Health Thermometer.a(ADC_INT.o)
                                0x1aa (size before relaxing)
 .debug_str     0x000008d6       0x91 .\CortexM0\ARM_GCC_493\Debug\Health Thermometer.a(AMuxSeq.o)
                                0x219 (size before relaxing)
 .debug_str     0x00000967       0x96 .\CortexM0\ARM_GCC_493\Debug\Health Thermometer.a(Thermistor.o)
                                0x21b (size before relaxing)
 .debug_str     0x000009fd       0x90 .\CortexM0\ARM_GCC_493\Debug\Health Thermometer.a(V_HIGH.o)
                                0x206 (size before relaxing)
 .debug_str     0x00000a8d       0x72 .\CortexM0\ARM_GCC_493\Debug\Health Thermometer.a(V_LOW.o)
                                0x200 (size before relaxing)
 .debug_str     0x00000aff       0x60 .\CortexM0\ARM_GCC_493\Debug\Health Thermometer.a(SW.o)
                                0x1ee (size before relaxing)
 .debug_str     0x00000b5f      0x85a .\CortexM0\ARM_GCC_493\Debug\Health Thermometer.a(CyLib.o)
                                0xa14 (size before relaxing)
 .debug_str     0x000013b9       0xd7 .\CortexM0\ARM_GCC_493\Debug\Health Thermometer.a(UART.o)
                                0x250 (size before relaxing)
 .debug_str     0x00001490      0x137 .\CortexM0\ARM_GCC_493\Debug\Health Thermometer.a(UART_SPI_UART.o)
                                0x2bb (size before relaxing)
 .debug_str     0x000015c7      0x191 .\CortexM0\ARM_GCC_493\Debug\Health Thermometer.a(UART_UART.o)
                                0x319 (size before relaxing)
 .debug_str     0x00001758       0xb1 .\CortexM0\ARM_GCC_493\Debug\Health Thermometer.a(Opamp_1.o)
                                0x221 (size before relaxing)
 .debug_str     0x00001809       0xa5 .\CortexM0\ARM_GCC_493\Debug\Health Thermometer.a(Opamp_2.o)
                                0x221 (size before relaxing)

.debug_loc
 *(.debug_loc)

.debug_macinfo
 *(.debug_macinfo)

.debug_ranges   0x00000000      0x720
 *(.debug_ranges)
 .debug_ranges  0x00000000       0x18 .\CortexM0\ARM_GCC_493\Debug\main.o
 .debug_ranges  0x00000018       0x18 .\CortexM0\ARM_GCC_493\Debug\Temperature.o
 .debug_ranges  0x00000030       0x20 .\CortexM0\ARM_GCC_493\Debug\CommonFunctions.o
 .debug_ranges  0x00000050       0x70 .\CortexM0\ARM_GCC_493\Debug\printf.o
 .debug_ranges  0x000000c0       0x38 .\CortexM0\ARM_GCC_493\Debug\Cm0Start.o
 .debug_ranges  0x000000f8       0x68 .\CortexM0\ARM_GCC_493\Debug\Health Thermometer.a(cyfitter_cfg.o)
 .debug_ranges  0x00000160       0x98 .\CortexM0\ARM_GCC_493\Debug\Health Thermometer.a(ADC.o)
 .debug_ranges  0x000001f8       0x28 .\CortexM0\ARM_GCC_493\Debug\Health Thermometer.a(ADC_PM.o)
 .debug_ranges  0x00000220       0x10 .\CortexM0\ARM_GCC_493\Debug\Health Thermometer.a(ADC_INT.o)
 .debug_ranges  0x00000230       0x38 .\CortexM0\ARM_GCC_493\Debug\Health Thermometer.a(AMuxSeq.o)
 .debug_ranges  0x00000268       0x18 .\CortexM0\ARM_GCC_493\Debug\Health Thermometer.a(Thermistor.o)
 .debug_ranges  0x00000280       0x30 .\CortexM0\ARM_GCC_493\Debug\Health Thermometer.a(V_HIGH.o)
 .debug_ranges  0x000002b0       0x30 .\CortexM0\ARM_GCC_493\Debug\Health Thermometer.a(V_LOW.o)
 .debug_ranges  0x000002e0       0x30 .\CortexM0\ARM_GCC_493\Debug\Health Thermometer.a(SW.o)
 .debug_ranges  0x00000310      0x288 .\CortexM0\ARM_GCC_493\Debug\Health Thermometer.a(CyLib.o)
 .debug_ranges  0x00000598       0x50 .\CortexM0\ARM_GCC_493\Debug\Health Thermometer.a(UART.o)
 .debug_ranges  0x000005e8       0x50 .\CortexM0\ARM_GCC_493\Debug\Health Thermometer.a(UART_SPI_UART.o)
 .debug_ranges  0x00000638       0x78 .\CortexM0\ARM_GCC_493\Debug\Health Thermometer.a(UART_UART.o)
 .debug_ranges  0x000006b0       0x38 .\CortexM0\ARM_GCC_493\Debug\Health Thermometer.a(Opamp_1.o)
 .debug_ranges  0x000006e8       0x38 .\CortexM0\ARM_GCC_493\Debug\Health Thermometer.a(Opamp_2.o)

.comment        0x00000000       0x70
 .comment       0x00000000       0x70 .\CortexM0\ARM_GCC_493\Debug\main.o
                                 0x71 (size before relaxing)
 .comment       0x00000000       0x71 .\CortexM0\ARM_GCC_493\Debug\Temperature.o
 .comment       0x00000000       0x71 .\CortexM0\ARM_GCC_493\Debug\CommonFunctions.o
 .comment       0x00000000       0x71 .\CortexM0\ARM_GCC_493\Debug\printf.o
 .comment       0x00000000       0x71 .\CortexM0\ARM_GCC_493\Debug\cymetadata.o
 .comment       0x00000000       0x71 .\CortexM0\ARM_GCC_493\Debug\Cm0Start.o
 .comment       0x00000000       0x71 .\CortexM0\ARM_GCC_493\Debug\Health Thermometer.a(cyfitter_cfg.o)
 .comment       0x00000000       0x71 .\CortexM0\ARM_GCC_493\Debug\Health Thermometer.a(ADC.o)
 .comment       0x00000000       0x71 .\CortexM0\ARM_GCC_493\Debug\Health Thermometer.a(ADC_PM.o)
 .comment       0x00000000       0x71 .\CortexM0\ARM_GCC_493\Debug\Health Thermometer.a(ADC_INT.o)
 .comment       0x00000000       0x71 .\CortexM0\ARM_GCC_493\Debug\Health Thermometer.a(AMuxSeq.o)
 .comment       0x00000000       0x71 .\CortexM0\ARM_GCC_493\Debug\Health Thermometer.a(Thermistor.o)
 .comment       0x00000000       0x71 .\CortexM0\ARM_GCC_493\Debug\Health Thermometer.a(V_HIGH.o)
 .comment       0x00000000       0x71 .\CortexM0\ARM_GCC_493\Debug\Health Thermometer.a(V_LOW.o)
 .comment       0x00000000       0x71 .\CortexM0\ARM_GCC_493\Debug\Health Thermometer.a(SW.o)
 .comment       0x00000000       0x71 .\CortexM0\ARM_GCC_493\Debug\Health Thermometer.a(CyLib.o)
 .comment       0x00000000       0x71 .\CortexM0\ARM_GCC_493\Debug\Health Thermometer.a(UART.o)
 .comment       0x00000000       0x71 .\CortexM0\ARM_GCC_493\Debug\Health Thermometer.a(UART_SPI_UART.o)
 .comment       0x00000000       0x71 .\CortexM0\ARM_GCC_493\Debug\Health Thermometer.a(UART_UART.o)
 .comment       0x00000000       0x71 .\CortexM0\ARM_GCC_493\Debug\Health Thermometer.a(Opamp_1.o)
 .comment       0x00000000       0x71 .\CortexM0\ARM_GCC_493\Debug\Health Thermometer.a(Opamp_2.o)

.debug_weaknames
 *(.debug_weaknames)

.debug_funcnames
 *(.debug_funcnames)

.debug_typenames
 *(.debug_typenames)

.debug_varnames
 *(.debug_varnames)

.note.gnu.arm.ident
 *(.note.gnu.arm.ident)

.ARM.attributes
                0x00000000       0x28
 *(.ARM.attributes)
 .ARM.attributes
                0x00000000       0x1e c:/program files (x86)/cypress/psoc creator/3.3/psoc creator/import/gnu/arm/4.9.3/bin/../lib/gcc/arm-none-eabi/4.9.3/armv6-m/crti.o
 .ARM.attributes
                0x0000001e       0x2c c:/program files (x86)/cypress/psoc creator/3.3/psoc creator/import/gnu/arm/4.9.3/bin/../lib/gcc/arm-none-eabi/4.9.3/armv6-m/crtbegin.o
 .ARM.attributes
                0x0000004a       0x1b c:/program files (x86)/cypress/psoc creator/3.3/psoc creator/import/gnu/arm/4.9.3/bin/../lib/gcc/arm-none-eabi/4.9.3/../../../../arm-none-eabi/lib/armv6-m/crt0.o
 .ARM.attributes
                0x00000065       0x31 .\CortexM0\ARM_GCC_493\Debug\main.o
 .ARM.attributes
                0x00000096       0x31 .\CortexM0\ARM_GCC_493\Debug\Temperature.o
 .ARM.attributes
                0x000000c7       0x31 .\CortexM0\ARM_GCC_493\Debug\CommonFunctions.o
 .ARM.attributes
                0x000000f8       0x31 .\CortexM0\ARM_GCC_493\Debug\printf.o
 .ARM.attributes
                0x00000129       0x31 .\CortexM0\ARM_GCC_493\Debug\cymetadata.o
 .ARM.attributes
                0x0000015a       0x31 .\CortexM0\ARM_GCC_493\Debug\Cm0Start.o
 .ARM.attributes
                0x0000018b       0x31 .\CortexM0\ARM_GCC_493\Debug\Health Thermometer.a(cyfitter_cfg.o)
 .ARM.attributes
                0x000001bc       0x31 .\CortexM0\ARM_GCC_493\Debug\Health Thermometer.a(ADC.o)
 .ARM.attributes
                0x000001ed       0x31 .\CortexM0\ARM_GCC_493\Debug\Health Thermometer.a(ADC_PM.o)
 .ARM.attributes
                0x0000021e       0x31 .\CortexM0\ARM_GCC_493\Debug\Health Thermometer.a(ADC_INT.o)
 .ARM.attributes
                0x0000024f       0x31 .\CortexM0\ARM_GCC_493\Debug\Health Thermometer.a(AMuxSeq.o)
 .ARM.attributes
                0x00000280       0x31 .\CortexM0\ARM_GCC_493\Debug\Health Thermometer.a(Thermistor.o)
 .ARM.attributes
                0x000002b1       0x31 .\CortexM0\ARM_GCC_493\Debug\Health Thermometer.a(V_HIGH.o)
 .ARM.attributes
                0x000002e2       0x31 .\CortexM0\ARM_GCC_493\Debug\Health Thermometer.a(V_LOW.o)
 .ARM.attributes
                0x00000313       0x31 .\CortexM0\ARM_GCC_493\Debug\Health Thermometer.a(SW.o)
 .ARM.attributes
                0x00000344       0x21 .\CortexM0\ARM_GCC_493\Debug\Health Thermometer.a(CyBootAsmGnu.o)
 .ARM.attributes
                0x00000365       0x31 .\CortexM0\ARM_GCC_493\Debug\Health Thermometer.a(CyLib.o)
 .ARM.attributes
                0x00000396       0x31 .\CortexM0\ARM_GCC_493\Debug\Health Thermometer.a(UART.o)
 .ARM.attributes
                0x000003c7       0x31 .\CortexM0\ARM_GCC_493\Debug\Health Thermometer.a(UART_SPI_UART.o)
 .ARM.attributes
                0x000003f8       0x31 .\CortexM0\ARM_GCC_493\Debug\Health Thermometer.a(UART_UART.o)
 .ARM.attributes
                0x00000429       0x31 .\CortexM0\ARM_GCC_493\Debug\Health Thermometer.a(Opamp_1.o)
 .ARM.attributes
                0x0000045a       0x31 .\CortexM0\ARM_GCC_493\Debug\Health Thermometer.a(Opamp_2.o)
 .ARM.attributes
                0x0000048b       0x1e c:/program files (x86)/cypress/psoc creator/3.3/psoc creator/import/gnu/arm/4.9.3/bin/../lib/gcc/arm-none-eabi/4.9.3/armv6-m\libgcc.a(_udivsi3.o)
 .ARM.attributes
                0x000004a9       0x1e c:/program files (x86)/cypress/psoc creator/3.3/psoc creator/import/gnu/arm/4.9.3/bin/../lib/gcc/arm-none-eabi/4.9.3/armv6-m\libgcc.a(_divsi3.o)
 .ARM.attributes
                0x000004c7       0x1e c:/program files (x86)/cypress/psoc creator/3.3/psoc creator/import/gnu/arm/4.9.3/bin/../lib/gcc/arm-none-eabi/4.9.3/armv6-m\libgcc.a(_dvmd_tls.o)
 .ARM.attributes
                0x000004e5       0x1e c:/program files (x86)/cypress/psoc creator/3.3/psoc creator/import/gnu/arm/4.9.3/bin/../lib/gcc/arm-none-eabi/4.9.3/armv6-m\libgcc.a(_aeabi_ldivmod.o)
 .ARM.attributes
                0x00000503       0x2c c:/program files (x86)/cypress/psoc creator/3.3/psoc creator/import/gnu/arm/4.9.3/bin/../lib/gcc/arm-none-eabi/4.9.3/armv6-m\libgcc.a(_muldi3.o)
 .ARM.attributes
                0x0000052f       0x2c c:/program files (x86)/cypress/psoc creator/3.3/psoc creator/import/gnu/arm/4.9.3/bin/../lib/gcc/arm-none-eabi/4.9.3/armv6-m\libgcc.a(bpabi.o)
 .ARM.attributes
                0x0000055b       0x2c c:/program files (x86)/cypress/psoc creator/3.3/psoc creator/import/gnu/arm/4.9.3/bin/../lib/gcc/arm-none-eabi/4.9.3/armv6-m\libgcc.a(divsf3.o)
 .ARM.attributes
                0x00000587       0x2c c:/program files (x86)/cypress/psoc creator/3.3/psoc creator/import/gnu/arm/4.9.3/bin/../lib/gcc/arm-none-eabi/4.9.3/armv6-m\libgcc.a(mulsf3.o)
 .ARM.attributes
                0x000005b3       0x2c c:/program files (x86)/cypress/psoc creator/3.3/psoc creator/import/gnu/arm/4.9.3/bin/../lib/gcc/arm-none-eabi/4.9.3/armv6-m\libgcc.a(fixsfsi.o)
 .ARM.attributes
                0x000005df       0x2c c:/program files (x86)/cypress/psoc creator/3.3/psoc creator/import/gnu/arm/4.9.3/bin/../lib/gcc/arm-none-eabi/4.9.3/armv6-m\libgcc.a(floatsisf.o)
 .ARM.attributes
                0x0000060b       0x1e c:/program files (x86)/cypress/psoc creator/3.3/psoc creator/import/gnu/arm/4.9.3/bin/../lib/gcc/arm-none-eabi/4.9.3/armv6-m\libgcc.a(_clzsi2.o)
 .ARM.attributes
                0x00000629       0x2c c:/program files (x86)/cypress/psoc creator/3.3/psoc creator/import/gnu/arm/4.9.3/bin/../lib/gcc/arm-none-eabi/4.9.3/armv6-m\libgcc.a(_divdi3.o)
 .ARM.attributes
                0x00000655       0x2c c:/program files (x86)/cypress/psoc creator/3.3/psoc creator/import/gnu/arm/4.9.3/bin/../lib/gcc/arm-none-eabi/4.9.3/armv6-m\libgcc.a(_udivdi3.o)
 .ARM.attributes
                0x00000681       0x1e c:/program files (x86)/cypress/psoc creator/3.3/psoc creator/import/gnu/arm/4.9.3/bin/../lib/gcc/arm-none-eabi/4.9.3/armv6-m\libgcc.a(_clzdi2.o)
 .ARM.attributes
                0x0000069f       0x2c c:/program files (x86)/cypress/psoc creator/3.3/psoc creator/import/gnu/arm/4.9.3/bin/../lib/gcc/arm-none-eabi/4.9.3/../../../../arm-none-eabi/lib/armv6-m\libg_nano.a(lib_a-errno.o)
 .ARM.attributes
                0x000006cb       0x2c c:/program files (x86)/cypress/psoc creator/3.3/psoc creator/import/gnu/arm/4.9.3/bin/../lib/gcc/arm-none-eabi/4.9.3/../../../../arm-none-eabi/lib/armv6-m\libg_nano.a(lib_a-exit.o)
 .ARM.attributes
                0x000006f7       0x2c c:/program files (x86)/cypress/psoc creator/3.3/psoc creator/import/gnu/arm/4.9.3/bin/../lib/gcc/arm-none-eabi/4.9.3/../../../../arm-none-eabi/lib/armv6-m\libg_nano.a(lib_a-impure.o)
 .ARM.attributes
                0x00000723       0x2c c:/program files (x86)/cypress/psoc creator/3.3/psoc creator/import/gnu/arm/4.9.3/bin/../lib/gcc/arm-none-eabi/4.9.3/../../../../arm-none-eabi/lib/armv6-m\libg_nano.a(lib_a-init.o)
 .ARM.attributes
                0x0000074f       0x2c c:/program files (x86)/cypress/psoc creator/3.3/psoc creator/import/gnu/arm/4.9.3/bin/../lib/gcc/arm-none-eabi/4.9.3/../../../../arm-none-eabi/lib/armv6-m\libg_nano.a(lib_a-memcpy.o)
 .ARM.attributes
                0x0000077b       0x2c c:/program files (x86)/cypress/psoc creator/3.3/psoc creator/import/gnu/arm/4.9.3/bin/../lib/gcc/arm-none-eabi/4.9.3/../../../../arm-none-eabi/lib/armv6-m\libg_nano.a(lib_a-memset.o)
 .ARM.attributes
                0x000007a7       0x2c c:/program files (x86)/cypress/psoc creator/3.3/psoc creator/import/gnu/arm/4.9.3/bin/../lib/gcc/arm-none-eabi/4.9.3/armv6-m/crtend.o
 .ARM.attributes
                0x000007d3       0x1e c:/program files (x86)/cypress/psoc creator/3.3/psoc creator/import/gnu/arm/4.9.3/bin/../lib/gcc/arm-none-eabi/4.9.3/armv6-m/crtn.o

/DISCARD/
 *(.note.GNU-stack)
OUTPUT(.\CortexM0\ARM_GCC_493\Debug\Health Thermometer.elf elf32-littlearm)
